// Jest Snapshot v1, https://goo.gl/fbAQLP

exports[`Pruebas en <GifGridItem/> Debe mostrar el componente correctamente  1`] = `
<div
  className="card animate__animated animate__bounceIn"
>
  <img
    alt="Un tiutlo"
    src="https://localhost/algo.png"
  />
  <p>
    Un tiutlo
  </p>
</div>
`;
